// Jest Snapshot v1, https://goo.gl/fbAQLP

exports[`Snapshot matches correctly 1`] = `
CloudFormationStackArtifact {
  "_dependencyIDs": Array [],
  "_deps": Array [],
  "assembly": CloudAssembly {
    "artifacts": Array [
      [Circular],
      TreeCloudArtifact {
        "_dependencyIDs": Array [],
        "_deps": Array [],
        "assembly": [Circular],
        "file": "tree.json",
        "id": "Tree",
        "manifest": Object {
          "properties": Object {
            "file": "tree.json",
          },
          "type": "cdk:tree",
        },
        "messages": Array [],
      },
    ],
    "directory": "cdk.out",
    "manifest": Object {
      "artifacts": Object {
        "MyTestStack": Object {
          "environment": "aws://unknown-account/unknown-region",
          "metadata": Object {
            "/MyTestStack": Array [
              Object {
                "data": Object {
                  "artifactHashParameter": "AssetParametersc266b5913a00b6d343353a7670199b43f43c651f7fa0736d6eb34ba9eb1ca331ArtifactHashAA72AEA4",
                  "id": "c266b5913a00b6d343353a7670199b43f43c651f7fa0736d6eb34ba9eb1ca331",
                  "packaging": "zip",
                  "path": "asset.c266b5913a00b6d343353a7670199b43f43c651f7fa0736d6eb34ba9eb1ca331",
                  "s3BucketParameter": "AssetParametersc266b5913a00b6d343353a7670199b43f43c651f7fa0736d6eb34ba9eb1ca331S3Bucket3B7F916E",
                  "s3KeyParameter": "AssetParametersc266b5913a00b6d343353a7670199b43f43c651f7fa0736d6eb34ba9eb1ca331S3VersionKey27045FC8",
                  "sourceHash": "c266b5913a00b6d343353a7670199b43f43c651f7fa0736d6eb34ba9eb1ca331",
                },
                "type": "aws:cdk:asset",
              },
            ],
            "/MyTestStack/AssetParameters/c266b5913a00b6d343353a7670199b43f43c651f7fa0736d6eb34ba9eb1ca331/ArtifactHash": Array [
              Object {
                "data": "AssetParametersc266b5913a00b6d343353a7670199b43f43c651f7fa0736d6eb34ba9eb1ca331ArtifactHashAA72AEA4",
                "type": "aws:cdk:logicalId",
              },
            ],
            "/MyTestStack/AssetParameters/c266b5913a00b6d343353a7670199b43f43c651f7fa0736d6eb34ba9eb1ca331/S3Bucket": Array [
              Object {
                "data": "AssetParametersc266b5913a00b6d343353a7670199b43f43c651f7fa0736d6eb34ba9eb1ca331S3Bucket3B7F916E",
                "type": "aws:cdk:logicalId",
              },
            ],
            "/MyTestStack/AssetParameters/c266b5913a00b6d343353a7670199b43f43c651f7fa0736d6eb34ba9eb1ca331/S3VersionKey": Array [
              Object {
                "data": "AssetParametersc266b5913a00b6d343353a7670199b43f43c651f7fa0736d6eb34ba9eb1ca331S3VersionKey27045FC8",
                "type": "aws:cdk:logicalId",
              },
            ],
            "/MyTestStack/prisma/Resource": Array [
              Object {
                "data": "prismaD328B0A1",
                "type": "aws:cdk:logicalId",
              },
            ],
            "/MyTestStack/prisma/ServiceRole/Resource": Array [
              Object {
                "data": "prismaServiceRoleC66F7E04",
                "type": "aws:cdk:logicalId",
              },
            ],
          },
          "properties": Object {
            "templateFile": "MyTestStack.template.json",
          },
          "type": "aws:cloudformation:stack",
        },
        "Tree": Object {
          "properties": Object {
            "file": "tree.json",
          },
          "type": "cdk:tree",
        },
      },
      "version": "9.0.0",
    },
    "runtime": Object {
      "libraries": Object {},
    },
    "version": "9.0.0",
  },
  "assets": Array [
    Object {
      "artifactHashParameter": "AssetParametersc266b5913a00b6d343353a7670199b43f43c651f7fa0736d6eb34ba9eb1ca331ArtifactHashAA72AEA4",
      "id": "c266b5913a00b6d343353a7670199b43f43c651f7fa0736d6eb34ba9eb1ca331",
      "packaging": "zip",
      "path": "asset.c266b5913a00b6d343353a7670199b43f43c651f7fa0736d6eb34ba9eb1ca331",
      "s3BucketParameter": "AssetParametersc266b5913a00b6d343353a7670199b43f43c651f7fa0736d6eb34ba9eb1ca331S3Bucket3B7F916E",
      "s3KeyParameter": "AssetParametersc266b5913a00b6d343353a7670199b43f43c651f7fa0736d6eb34ba9eb1ca331S3VersionKey27045FC8",
      "sourceHash": "c266b5913a00b6d343353a7670199b43f43c651f7fa0736d6eb34ba9eb1ca331",
    },
  ],
  "assumeRoleArn": undefined,
  "bootstrapStackVersionSsmParameter": undefined,
  "cloudFormationExecutionRoleArn": undefined,
  "displayName": "MyTestStack",
  "environment": Object {
    "account": "unknown-account",
    "name": "aws://unknown-account/unknown-region",
    "region": "unknown-region",
  },
  "id": "MyTestStack",
  "manifest": Object {
    "environment": "aws://unknown-account/unknown-region",
    "metadata": Object {
      "/MyTestStack": Array [
        Object {
          "data": Object {
            "artifactHashParameter": "AssetParametersc266b5913a00b6d343353a7670199b43f43c651f7fa0736d6eb34ba9eb1ca331ArtifactHashAA72AEA4",
            "id": "c266b5913a00b6d343353a7670199b43f43c651f7fa0736d6eb34ba9eb1ca331",
            "packaging": "zip",
            "path": "asset.c266b5913a00b6d343353a7670199b43f43c651f7fa0736d6eb34ba9eb1ca331",
            "s3BucketParameter": "AssetParametersc266b5913a00b6d343353a7670199b43f43c651f7fa0736d6eb34ba9eb1ca331S3Bucket3B7F916E",
            "s3KeyParameter": "AssetParametersc266b5913a00b6d343353a7670199b43f43c651f7fa0736d6eb34ba9eb1ca331S3VersionKey27045FC8",
            "sourceHash": "c266b5913a00b6d343353a7670199b43f43c651f7fa0736d6eb34ba9eb1ca331",
          },
          "type": "aws:cdk:asset",
        },
      ],
      "/MyTestStack/AssetParameters/c266b5913a00b6d343353a7670199b43f43c651f7fa0736d6eb34ba9eb1ca331/ArtifactHash": Array [
        Object {
          "data": "AssetParametersc266b5913a00b6d343353a7670199b43f43c651f7fa0736d6eb34ba9eb1ca331ArtifactHashAA72AEA4",
          "type": "aws:cdk:logicalId",
        },
      ],
      "/MyTestStack/AssetParameters/c266b5913a00b6d343353a7670199b43f43c651f7fa0736d6eb34ba9eb1ca331/S3Bucket": Array [
        Object {
          "data": "AssetParametersc266b5913a00b6d343353a7670199b43f43c651f7fa0736d6eb34ba9eb1ca331S3Bucket3B7F916E",
          "type": "aws:cdk:logicalId",
        },
      ],
      "/MyTestStack/AssetParameters/c266b5913a00b6d343353a7670199b43f43c651f7fa0736d6eb34ba9eb1ca331/S3VersionKey": Array [
        Object {
          "data": "AssetParametersc266b5913a00b6d343353a7670199b43f43c651f7fa0736d6eb34ba9eb1ca331S3VersionKey27045FC8",
          "type": "aws:cdk:logicalId",
        },
      ],
      "/MyTestStack/prisma/Resource": Array [
        Object {
          "data": "prismaD328B0A1",
          "type": "aws:cdk:logicalId",
        },
      ],
      "/MyTestStack/prisma/ServiceRole/Resource": Array [
        Object {
          "data": "prismaServiceRoleC66F7E04",
          "type": "aws:cdk:logicalId",
        },
      ],
    },
    "properties": Object {
      "templateFile": "MyTestStack.template.json",
    },
    "type": "aws:cloudformation:stack",
  },
  "messages": Array [],
  "name": "MyTestStack",
  "originalName": "MyTestStack",
  "parameters": Object {},
  "requiresBootstrapStackVersion": undefined,
  "stackName": "MyTestStack",
  "stackTemplateAssetObjectUrl": undefined,
  "tags": Object {},
  "templateFile": "MyTestStack.template.json",
  "terminationProtection": undefined,
}
`;
